app/(protected)/admin/complaints/[id]/page.tsx(76,14): error TS2741: Property 'currentUserId' is missing in type '{ complaintId: any; initialNotes: any[]; }' but required in type 'InternalNotesProps'.
app/(protected)/citizen/complaints/_components/ComplaintsContent.tsx(288,18): error TS2741: Property 'onSortChange' is missing in type '{ complaints: any; total: any; isLoading: false; currentPage: number; pageSize: number; onPageChange: (p: number) => void; }' but required in type 'ComplaintsTableProps'.
app/(protected)/supervisor/complaints/[id]/page.tsx(80,14): error TS2741: Property 'currentUserId' is missing in type '{ complaintId: any; initialNotes: any[] | never[]; }' but required in type 'InternalNotesProps'.
app/(protected)/supervisor/participatory-budgeting/[proposalId]/page.tsx(103,33): error TS2339: Property 'name' does not exist on type 'BudgetCycle'.
app/(protected)/supervisor/participatory-budgeting/[proposalId]/page.tsx(340,32): error TS2339: Property 'name' does not exist on type 'BudgetCycle'.
app/(protected)/supervisor/participatory-budgeting/[proposalId]/page.tsx(517,39): error TS2339: Property 'name' does not exist on type 'BudgetCycle'.
app/(protected)/supervisor/participatory-budgeting/[proposalId]/page.tsx(531,48): error TS2339: Property 'name' does not exist on type 'BudgetCycle'.
app/(protected)/supervisor/staff/[staffId]/page.tsx(40,25): error TS2339: Property 'complaints' does not exist on type '{ id: any; type: string; reference_id: any; tracking_code: any; title: any; category: any; location: any; coordinates: any; status: any; priority: any; due_at: any; assigned_at: any; completion: any; }[]'.
app/(protected)/supervisor/staff/[staffId]/page.tsx(49,25): error TS2339: Property 'tasks' does not exist on type '{ id: any; type: string; reference_id: any; tracking_code: any; title: any; category: any; location: any; coordinates: any; status: any; priority: any; due_at: any; assigned_at: any; completion: any; }[]'.
app/(protected)/supervisor/staff/[staffId]/page.tsx(81,57): error TS2339: Property 'ward_name' does not exist on type '{ user_id: string; full_name: string; avatar_url: string | undefined; role: string; status: string; workload: number; performance_rating: number; staff_code: string | null; department_id: string | null; ... 8 more ...; is_active: boolean; }'.
app/(protected)/supervisor/staff/[staffId]/page.tsx(110,50): error TS2769: No overload matches this call.
  Overload 1 of 4, '(value: string | number | Date): Date', gave the following error.
    Argument of type 'string | null' is not assignable to parameter of type 'string | number | Date'.
      Type 'null' is not assignable to type 'string | number | Date'.
  Overload 2 of 4, '(value: string | number): Date', gave the following error.
    Argument of type 'string | null' is not assignable to parameter of type 'string | number'.
      Type 'null' is not assignable to type 'string | number'.
app/(protected)/supervisor/staff/[staffId]/performance/page.tsx(28,43): error TS2345: Argument of type '{ id: string; tracking_code: string; submitted_at: string; resolved_at: string | null; sla_due_at: string | null; }[]' is not assignable to parameter of type '{ submitted_at: string; resolved_at: string; }[]'.
  Type '{ id: string; tracking_code: string; submitted_at: string; resolved_at: string | null; sla_due_at: string | null; }' is not assignable to type '{ submitted_at: string; resolved_at: string; }'.
    Types of property 'resolved_at' are incompatible.
      Type 'string | null' is not assignable to type 'string'.
        Type 'null' is not assignable to type 'string'.
app/(protected)/supervisor/staff/_components/StaffGridView.tsx(40,66): error TS18048: 'staff.role' is possibly 'undefined'.
app/(protected)/supervisor/staff/management/page.tsx(27,19): error TS2339: Property 'getPendingLeaves' does not exist on type '{ getJurisdiction(client: SupabaseClient<Database, "public", "public", { Tables: { attendance_logs: { Row: { check_in_device_id: string | null; check_in_location: unknown; check_in_time: string | null; ... 10 more ...; updated_at: string | null; }; Insert: { ...; }; Update: { ...; }; Relationships: [...]; }; ... 37 ...'.
app/(protected)/supervisor/tasks/_components/tasks/TaskCreationForm.tsx(60,9): error TS2322: Type 'string' is not assignable to type '"critical" | "high" | "medium" | "low" | "urgent" | undefined'.
app/(protected)/supervisor/tasks/new/page.tsx(22,25): error TS2322: Type '{ user_id: string; full_name: string; avatar_url: string | undefined; role: string; status: string; workload: number; performance_rating: number; staff_code: string | null; department_id: string | null; ... 8 more ...; is_active: boolean; }[]' is not assignable to type 'ManagedStaffMember[]'.
  Type '{ user_id: string; full_name: string; avatar_url: string | undefined; role: string; status: string; workload: number; performance_rating: number; staff_code: string | null; department_id: string | null; ... 8 more ...; is_active: boolean; }' is not assignable to type 'ManagedStaffMember'.
    Types of property 'staff_code' are incompatible.
      Type 'string | null' is not assignable to type 'string | undefined'.
        Type 'null' is not assignable to type 'string | undefined'.
app/actions/admin.ts(136,21): error TS7053: Element implicitly has an 'any' type because expression of type '0' can't be used to index type '{ staff_code: string | null; }'.
  Property '0' does not exist on type '{ staff_code: string | null; }'.
components/citizen/complaints/ComplaintAttachments.tsx(194,35): error TS2345: Argument of type 'number | undefined' is not assignable to parameter of type 'number | null'.
  Type 'undefined' is not assignable to type 'number | null'.
components/citizen/complaints/ComplaintAttachments.tsx(196,29): error TS2769: No overload matches this call.
  Overload 1 of 4, '(value: string | number | Date): Date', gave the following error.
    Argument of type 'string | undefined' is not assignable to parameter of type 'string | number | Date'.
      Type 'undefined' is not assignable to type 'string | number | Date'.
  Overload 2 of 4, '(value: string | number): Date', gave the following error.
    Argument of type 'string | undefined' is not assignable to parameter of type 'string | number'.
      Type 'undefined' is not assignable to type 'string | number'.
components/complaints/admin/AdminComplaintActions.tsx(6,38): error TS2307: Cannot find module '../../citizen/complaints/ComplaintStatusBadge' or its corresponding type declarations.
components/shared/StatusBadge.tsx(90,47): error TS2339: Property 'animate' does not exist on type '{ label: string; color: string; icon: ForwardRefExoticComponent<Omit<LucideProps, "ref"> & RefAttributes<SVGSVGElement>>; }'.
components/staff/FieldTaskCard.tsx(9,42): error TS2339: Property 'tasks' does not exist on type '{ attendance_logs: { Row: { check_in_device_id: string | null; check_in_location: unknown; check_in_time: string | null; check_out_location: unknown; check_out_time: string | null; created_at: string | null; ... 7 more ...; updated_at: string | null; }; Insert: { ...; }; Update: { ...; }; Relationships: [...]; }; .....'.
components/staff/notifications/NotificationBell.tsx(16,8): error TS2307: Cannot find module '@/ui/dropdown' or its corresponding type declarations.
features/complaints/index.ts(5,1): error TS2308: Module "./hooks/useComplaints" has already exported a member named 'COMPLAINT_KEYS'. Consider explicitly re-exporting to resolve the ambiguity.
features/complaints/index.ts(5,1): error TS2308: Module "./hooks/useComplaints" has already exported a member named 'useComplaints'. Consider explicitly re-exporting to resolve the ambiguity.
features/staff/api.ts(211,35): error TS2769: No overload matches this call.
  Overload 1 of 4, '(value: string | number | Date): Date', gave the following error.
    Argument of type 'string | null' is not assignable to parameter of type 'string | number | Date'.
      Type 'null' is not assignable to type 'string | number | Date'.
  Overload 2 of 4, '(value: string | number): Date', gave the following error.
    Argument of type 'string | null' is not assignable to parameter of type 'string | number'.
      Type 'null' is not assignable to type 'string | number'.
features/staff/api.ts(447,81): error TS2345: Argument of type 'string' is not assignable to parameter of type 'NonNullable<"admin" | "dept_head" | "dept_staff" | "ward_staff" | "field_staff" | "call_center" | "citizen" | "business_owner" | "tourist">'.
features/staff/api.ts(853,13): error TS2769: No overload matches this call.
  Overload 1 of 2, '(relation: "attendance_logs" | "users" | "audit_logs" | "bills" | "budget_cycles" | "budget_proposals" | "departments" | "wards" | "budget_votes" | "complaint_assignment_history" | ... 28 more ... | "v_staff_id"): PostgrestQueryBuilder<...>', gave the following error.
    Argument of type '"team_announcements"' is not assignable to parameter of type '"attendance_logs" | "users" | "audit_logs" | "bills" | "budget_cycles" | "budget_proposals" | "departments" | "wards" | "budget_votes" | "complaint_assignment_history" | "complaints" | ... 27 more ... | "v_staff_id"'.
  Overload 2 of 2, '(relation: "mv_staff_performance" | "geography_columns" | "geometry_columns" | "staff_attendance_logs"): PostgrestQueryBuilder<{ PostgrestVersion: "14.1"; }, { Tables: { attendance_logs: { Row: { check_in_device_id: string | null; ... 12 more ...; updated_at: string | null; }; Insert: { ...; }; Update: { ...; }; Relationships: [...]; }; ... 37 more ...; wards: { ...; }; }; Views: { ...; }; Functions: { ...; }; Enums: { ...; }; CompositeTypes: { ...; }; }, { ...; } | ... 2 more ... | { ...; }, "mv_staff_performance" | ... 2 more ... | "staff_attendance_logs", [] | ... 1 more ... | [...]>', gave the following error.
    Argument of type '"team_announcements"' is not assignable to parameter of type '"mv_staff_performance" | "geography_columns" | "geometry_columns" | "staff_attendance_logs"'.
features/staff/api.ts(871,13): error TS2769: No overload matches this call.
  Overload 1 of 2, '(relation: "attendance_logs" | "users" | "audit_logs" | "bills" | "budget_cycles" | "budget_proposals" | "departments" | "wards" | "budget_votes" | "complaint_assignment_history" | ... 28 more ... | "v_staff_id"): PostgrestQueryBuilder<...>', gave the following error.
    Argument of type '"team_announcements"' is not assignable to parameter of type '"attendance_logs" | "users" | "audit_logs" | "bills" | "budget_cycles" | "budget_proposals" | "departments" | "wards" | "budget_votes" | "complaint_assignment_history" | "complaints" | ... 27 more ... | "v_staff_id"'.
  Overload 2 of 2, '(relation: "mv_staff_performance" | "geography_columns" | "geometry_columns" | "staff_attendance_logs"): PostgrestQueryBuilder<{ PostgrestVersion: "14.1"; }, { Tables: { attendance_logs: { Row: { check_in_device_id: string | null; ... 12 more ...; updated_at: string | null; }; Insert: { ...; }; Update: { ...; }; Relationships: [...]; }; ... 37 more ...; wards: { ...; }; }; Views: { ...; }; Functions: { ...; }; Enums: { ...; }; CompositeTypes: { ...; }; }, { ...; } | ... 2 more ... | { ...; }, "mv_staff_performance" | ... 2 more ... | "staff_attendance_logs", [] | ... 1 more ... | [...]>', gave the following error.
    Argument of type '"team_announcements"' is not assignable to parameter of type '"mv_staff_performance" | "geography_columns" | "geometry_columns" | "staff_attendance_logs"'.
lib/admin/assignment-engine.ts(14,89): error TS2339: Property 'name' does not exist on type '{ name: any; }[]'.
lib/staff/reportHelpers.ts(122,30): error TS2339: Property 'full_name' does not exist on type '{ full_name: any; phone: any; }[]'.
lib/staff/reportHelpers.ts(123,30): error TS2339: Property 'phone' does not exist on type '{ full_name: any; phone: any; }[]'.
lib/staff/reportHelpers.ts(124,37): error TS2339: Property 'name' does not exist on type '{ name: any; }[]'.
lib/staff/reportHelpers.ts(125,47): error TS2339: Property 'ward_number' does not exist on type '{ ward_number: any; name: any; }[]'.
