app/(protected)/staff/queue/[id]/QueueDetailClient.tsx(75,63): error TS2304: Cannot find name 'MessageSquare'.
app/(protected)/staff/queue/[id]/QueueDetailClient.tsx(124,20): error TS2304: Cannot find name 'Play'.
